------------------------------------------------------------
Timing Analyzer Summary
------------------------------------------------------------

Type  : Slow 1100mV 85C Model Setup 'clk'
Slack : -13.523
TNS   : -24040.651

Type  : Slow 1100mV 85C Model Setup 'top:top1|VGA_MODULE:vga|CLK_DIVIDER:testclk|out_clk'
Slack : -12.946
TNS   : -33081.915

Type  : Slow 1100mV 85C Model Setup 'clk_50Mhz'
Slack : -0.999
TNS   : -1.584

Type  : Slow 1100mV 85C Model Hold 'clk_50Mhz'
Slack : 0.362
TNS   : 0.000

Type  : Slow 1100mV 85C Model Hold 'clk'
Slack : 0.374
TNS   : 0.000

Type  : Slow 1100mV 85C Model Hold 'top:top1|VGA_MODULE:vga|CLK_DIVIDER:testclk|out_clk'
Slack : 0.426
TNS   : 0.000

Type  : Slow 1100mV 85C Model Minimum Pulse Width 'top:top1|VGA_MODULE:vga|CLK_DIVIDER:testclk|out_clk'
Slack : -2.174
TNS   : -20912.475

Type  : Slow 1100mV 85C Model Minimum Pulse Width 'clk_50Mhz'
Slack : -0.756
TNS   : -3.787

Type  : Slow 1100mV 85C Model Minimum Pulse Width 'clk'
Slack : -0.544
TNS   : -2184.297

Type  : Slow 1100mV 0C Model Setup 'clk'
Slack : -13.307
TNS   : -23518.472

Type  : Slow 1100mV 0C Model Setup 'top:top1|VGA_MODULE:vga|CLK_DIVIDER:testclk|out_clk'
Slack : -12.790
TNS   : -31849.811

Type  : Slow 1100mV 0C Model Setup 'clk_50Mhz'
Slack : -0.941
TNS   : -1.480

Type  : Slow 1100mV 0C Model Hold 'clk_50Mhz'
Slack : 0.340
TNS   : 0.000

Type  : Slow 1100mV 0C Model Hold 'clk'
Slack : 0.369
TNS   : 0.000

Type  : Slow 1100mV 0C Model Hold 'top:top1|VGA_MODULE:vga|CLK_DIVIDER:testclk|out_clk'
Slack : 0.441
TNS   : 0.000

Type  : Slow 1100mV 0C Model Minimum Pulse Width 'top:top1|VGA_MODULE:vga|CLK_DIVIDER:testclk|out_clk'
Slack : -2.174
TNS   : -20946.215

Type  : Slow 1100mV 0C Model Minimum Pulse Width 'clk_50Mhz'
Slack : -0.785
TNS   : -4.057

Type  : Slow 1100mV 0C Model Minimum Pulse Width 'clk'
Slack : -0.512
TNS   : -2097.638

Type  : Fast 1100mV 85C Model Setup 'clk'
Slack : -7.908
TNS   : -13504.018

Type  : Fast 1100mV 85C Model Setup 'top:top1|VGA_MODULE:vga|CLK_DIVIDER:testclk|out_clk'
Slack : -7.728
TNS   : -19297.087

Type  : Fast 1100mV 85C Model Setup 'clk_50Mhz'
Slack : -0.426
TNS   : -0.426

Type  : Fast 1100mV 85C Model Hold 'clk_50Mhz'
Slack : 0.147
TNS   : 0.000

Type  : Fast 1100mV 85C Model Hold 'top:top1|VGA_MODULE:vga|CLK_DIVIDER:testclk|out_clk'
Slack : 0.160
TNS   : 0.000

Type  : Fast 1100mV 85C Model Hold 'clk'
Slack : 0.200
TNS   : 0.000

Type  : Fast 1100mV 85C Model Minimum Pulse Width 'top:top1|VGA_MODULE:vga|CLK_DIVIDER:testclk|out_clk'
Slack : -2.174
TNS   : -20794.996

Type  : Fast 1100mV 85C Model Minimum Pulse Width 'clk_50Mhz'
Slack : -0.813
TNS   : -3.979

Type  : Fast 1100mV 85C Model Minimum Pulse Width 'clk'
Slack : -0.648
TNS   : -2205.859

Type  : Fast 1100mV 0C Model Setup 'top:top1|VGA_MODULE:vga|CLK_DIVIDER:testclk|out_clk'
Slack : -7.334
TNS   : -17036.335

Type  : Fast 1100mV 0C Model Setup 'clk'
Slack : -7.073
TNS   : -12046.003

Type  : Fast 1100mV 0C Model Setup 'clk_50Mhz'
Slack : -0.316
TNS   : -0.316

Type  : Fast 1100mV 0C Model Hold 'clk_50Mhz'
Slack : 0.122
TNS   : 0.000

Type  : Fast 1100mV 0C Model Hold 'top:top1|VGA_MODULE:vga|CLK_DIVIDER:testclk|out_clk'
Slack : 0.147
TNS   : 0.000

Type  : Fast 1100mV 0C Model Hold 'clk'
Slack : 0.188
TNS   : 0.000

Type  : Fast 1100mV 0C Model Minimum Pulse Width 'top:top1|VGA_MODULE:vga|CLK_DIVIDER:testclk|out_clk'
Slack : -2.174
TNS   : -20771.169

Type  : Fast 1100mV 0C Model Minimum Pulse Width 'clk_50Mhz'
Slack : -0.843
TNS   : -4.240

Type  : Fast 1100mV 0C Model Minimum Pulse Width 'clk'
Slack : -0.665
TNS   : -2317.427

------------------------------------------------------------
